<?xml version="1.0" encoding="UTF-8"?>
<testsuites name="jest tests" tests="7" failures="0" time="4.218">
  <testsuite name="Rendering Test. " errors="0" failures="0" skipped="0" timestamp="2021-02-04T15:06:30" time="2.941" tests="7">
    <testcase classname="Rendering Test.  Heading and labels Exist" name="Rendering Test.  Heading and labels Exist" time="0.033">
    </testcase>
    <testcase classname="Adding repair Adding a repair " name="Adding repair Adding a repair " time="0.033">
    </testcase>
    <testcase classname="Testing Update, Delete, Done/Undo button functionality Updating a repair " name="Testing Update, Delete, Done/Undo button functionality Updating a repair " time="0.022">
    </testcase>
    <testcase classname="Testing Update, Delete, Done/Undo button functionality Resolving a repair " name="Testing Update, Delete, Done/Undo button functionality Resolving a repair " time="0.014">
    </testcase>
    <testcase classname="Testing Update, Delete, Done/Undo button functionality Deleting a repair " name="Testing Update, Delete, Done/Undo button functionality Deleting a repair " time="0.012">
    </testcase>
    <testcase classname="Testing Update, Delete, Done/Undo button functionality Undoing the resolved action a repair " name="Testing Update, Delete, Done/Undo button functionality Undoing the resolved action a repair " time="0.012">
    </testcase>
    <testcase classname="Testing Update, Delete, Done/Undo button functionality Update button click -&gt; Fill input Boxes -&gt; Done button Click -&gt; should clear input boxes" name="Testing Update, Delete, Done/Undo button functionality Update button click -&gt; Fill input Boxes -&gt; Done button Click -&gt; should clear input boxes" time="0.011">
    </testcase>
  </testsuite>
</testsuites>